[AI Sim 2] Schedule seed: 3555822270  (rerun with --seed 3555822270 to reproduce)
[AI Sim 2] 120 s window  |  3 PREFILL bursts  |  128 workers  |  min_seg=5 s  |  kernel=scalar
[AI Sim 2] Schedule (7 phases):
           t=  0.00 s  REST              24.67 s  →  6 W
           t= 24.67 s  PREFILL   req=1  7.51 s  →  28 W
           t= 32.17 s  REST              29.87 s  →  6 W
           t= 62.04 s  PREFILL   req=2  7.12 s  →  28 W
           t= 69.16 s  REST              16.16 s  →  6 W
           t= 85.32 s  PREFILL   req=3  8.75 s  →  28 W
           t= 94.07 s  REST              25.93 s  →  6 W
           t=120.00 s  (total)

[08:17:14]  REST      START            t=0.000 s  planned 24.67 s
[08:17:38]  REST      STOP             t=24.666 s  actual  24.666 s

[08:17:38]  PREFILL   START  (req 1)  t=24.666 s  planned 7.51 s
[08:17:46]  PREFILL   STOP   (req 1)  t=32.172 s  actual  7.506 s

[08:17:46]  REST      START            t=32.172 s  planned 29.87 s
[08:18:16]  REST      STOP             t=62.044 s  actual  29.873 s

[08:18:16]  PREFILL   START  (req 2)  t=62.044 s  planned 7.12 s
[08:18:23]  PREFILL   STOP   (req 2)  t=69.160 s  actual  7.115 s

[08:18:23]  REST      START            t=69.160 s  planned 16.16 s
[08:18:39]  REST      STOP             t=85.324 s  actual  16.165 s

[08:18:39]  PREFILL   START  (req 3)  t=85.324 s  planned 8.75 s
[08:18:48]  PREFILL   STOP   (req 3)  t=94.074 s  actual  8.750 s

[08:18:48]  REST      START            t=94.074 s  planned 25.93 s
[08:19:14]  REST      STOP             t=120.001 s  actual  25.927 s

[08:19:14]  Done.  Total elapsed: 120.021 s  (target 120 s)
[AI Sim 2] Phase log      → /home/dlee/code/Ramp Down/Power_Smoother_16/ai_benchmark_log_2.csv
[AI Sim 2] Timeline CSV   → /home/dlee/code/Ramp Down/Power_Smoother_16/ai_benchmark_timeline_2.csv
