ramp-up   core 0   target  20.0%  actual   0.0%
ramp-up   core 0   target  40.0%  actual  20.0%
ramp-up   core 0   target  60.0%  actual  40.0%
ramp-up   core 0   target  80.0%  actual  60.0%
ramp-up   core 0   target 100.0%  actual  80.0%
ramp-up   core 0   target 100.0%  actual  90.9%
ramp-up   core 0   target 100.0%  actual 100.0%
ramp-up   core 1   target  20.0%  actual   0.0%
ramp-up   core 1   target  40.0%  actual  20.0%
ramp-up   core 1   target  60.0%  actual  40.0%
ramp-up   core 1   target  80.0%  actual  60.0%
ramp-up   core 1   target 100.0%  actual  80.0%
ramp-up   core 1   target 100.0%  actual  90.9%
ramp-up   core 1   target 100.0%  actual 100.0%
ramp-up   core 2   target  20.0%  actual   0.0%
ramp-up   core 2   target  40.0%  actual  20.0%
ramp-up   core 2   target  60.0%  actual  40.0%
ramp-up   core 2   target  80.0%  actual  63.6%
ramp-up   core 2   target 100.0%  actual  80.0%
ramp-up   core 2   target 100.0%  actual 100.0%
ramp-up   core 3   target  20.0%  actual   0.0%
ramp-up   core 3   target  40.0%  actual  27.3%
ramp-up   core 3   target  60.0%  actual  33.3%
ramp-up   core 3   target  80.0%  actual  60.0%
ramp-up   core 3   target 100.0%  actual  80.0%
ramp-up   core 3   target 100.0%  actual 100.0%
ramp-up   core 4   target  20.0%  actual   0.0%
ramp-up   core 4   target  40.0%  actual  20.0%
ramp-up   core 4   target  60.0%  actual  40.0%
ramp-up   core 4   target  80.0%  actual  60.0%
ramp-up   core 4   target 100.0%  actual  80.0%
ramp-up   core 4   target 100.0%  actual 100.0%
ramp-up   core 5   target  20.0%  actual  10.0%
ramp-up   core 5   target  40.0%  actual  20.0%
ramp-up   core 5   target  60.0%  actual  33.3%
ramp-up   core 5   target  80.0%  actual  60.0%
ramp-up   core 5   target 100.0%  actual  72.7%
ramp-up   core 5   target 100.0%  actual 100.0%
ramp-up   core 6   target  20.0%  actual   0.0%
ramp-up   core 6   target  40.0%  actual  20.0%
ramp-up   core 6   target  60.0%  actual  40.0%
ramp-up   core 6   target  80.0%  actual  55.6%
ramp-up   core 6   target 100.0%  actual  81.8%
ramp-up   core 6   target 100.0%  actual 100.0%
ramp-up   core 7   target  20.0%  actual   0.0%
ramp-up   core 7   target  40.0%  actual  20.0%
ramp-up   core 7   target  60.0%  actual  40.0%
ramp-up   core 7   target  80.0%  actual  60.0%
ramp-up   core 7   target 100.0%  actual  80.0%
ramp-up   core 7   target 100.0%  actual  90.9%
ramp-up   core 7   target 100.0%  actual 100.0%
ramp-up   core 8   target  20.0%  actual   9.1%
ramp-up   core 8   target  40.0%  actual  20.0%
ramp-up   core 8   target  60.0%  actual  40.0%
ramp-up   core 8   target  80.0%  actual  60.0%
ramp-up   core 8   target 100.0%  actual  80.0%
ramp-up   core 8   target 100.0%  actual 100.0%
ramp-up   core 9   target  20.0%  actual   0.0%
ramp-up   core 9   target  40.0%  actual  20.0%
ramp-up   core 9   target  60.0%  actual  40.0%
ramp-up   core 9   target  80.0%  actual  60.0%
ramp-up   core 9   target 100.0%  actual  80.0%
ramp-up   core 9   target 100.0%  actual 100.0%
ramp-up   core 10  target  20.0%  actual  10.0%
ramp-up   core 10  target  40.0%  actual  11.1%
ramp-up   core 10  target  60.0%  actual  36.4%
ramp-up   core 10  target  80.0%  actual  60.0%
ramp-up   core 10  target 100.0%  actual  80.0%
ramp-up   core 10  target 100.0%  actual 100.0%
ramp-up   core 11  target  20.0%  actual   0.0%
ramp-up   core 11  target  40.0%  actual  22.2%
ramp-up   core 11  target  60.0%  actual  45.5%
ramp-up   core 11  target  80.0%  actual  54.5%
ramp-up   core 11  target 100.0%  actual  77.8%
ramp-up   core 11  target 100.0%  actual 100.0%
ramp-up   core 12  target  20.0%  actual  10.0%
ramp-up   core 12  target  40.0%  actual  20.0%
ramp-up   core 12  target  60.0%  actual  40.0%
ramp-up   core 12  target  80.0%  actual  55.6%
ramp-up   core 12  target 100.0%  actual  80.0%
ramp-up   core 12  target 100.0%  actual  90.9%
ramp-up   core 12  target 100.0%  actual 100.0%
ramp-up   core 13  target  20.0%  actual   9.1%
ramp-up   core 13  target  40.0%  actual  20.0%
ramp-up   core 13  target  60.0%  actual  40.0%
ramp-up   core 13  target  80.0%  actual  60.0%
ramp-up   core 13  target 100.0%  actual  80.0%
ramp-up   core 13  target 100.0%  actual 100.0%
ramp-up   core 14  target  20.0%  actual   9.1%
ramp-up   core 14  target  40.0%  actual  11.1%
ramp-up   core 14  target  60.0%  actual  25.0%
ramp-up   core 14  target  80.0%  actual  55.6%
ramp-up   core 14  target 100.0%  actual  77.8%
ramp-up   core 14  target 100.0%  actual 100.0%
ramp-up   core 15  target  20.0%  actual   9.1%
ramp-up   core 15  target  40.0%  actual  20.0%
ramp-up   core 15  target  60.0%  actual  40.0%
ramp-up   core 15  target  80.0%  actual  60.0%
ramp-up   core 15  target 100.0%  actual  70.0%
ramp-up   core 15  target 100.0%  actual 100.0%
ramp-up   core 16  target  20.0%  actual   0.0%
ramp-up   core 16  target  40.0%  actual  20.0%
ramp-up   core 16  target  60.0%  actual  40.0%
ramp-up   core 16  target  80.0%  actual  60.0%
ramp-up   core 16  target 100.0%  actual  72.7%
ramp-up   core 16  target 100.0%  actual 100.0%
ramp-up   core 17  target  20.0%  actual   0.0%
ramp-up   core 17  target  40.0%  actual  20.0%
ramp-up   core 17  target  60.0%  actual  40.0%
ramp-up   core 17  target  80.0%  actual  60.0%
ramp-up   core 17  target 100.0%  actual  81.8%
ramp-up   core 17  target 100.0%  actual 100.0%
ramp-up   core 18  target  20.0%  actual   0.0%
ramp-up   core 18  target  40.0%  actual  11.1%
ramp-up   core 18  target  60.0%  actual  33.3%
ramp-up   core 18  target  80.0%  actual  55.6%
ramp-up   core 18  target 100.0%  actual  77.8%
ramp-up   core 18  target 100.0%  actual 100.0%
ramp-up   core 19  target  20.0%  actual   0.0%
ramp-up   core 19  target  40.0%  actual  20.0%
ramp-up   core 19  target  60.0%  actual  40.0%
ramp-up   core 19  target  80.0%  actual  63.6%
ramp-up   core 19  target 100.0%  actual  80.0%
ramp-up   core 19  target 100.0%  actual 100.0%
ramp-up   core 20  target  20.0%  actual   0.0%
ramp-up   core 20  target  40.0%  actual  27.3%
ramp-up   core 20  target  60.0%  actual  40.0%
ramp-up   core 20  target  80.0%  actual  60.0%
ramp-up   core 20  target 100.0%  actual  80.0%
ramp-up   core 20  target 100.0%  actual  90.9%
ramp-up   core 20  target 100.0%  actual 100.0%
ramp-up   core 21  target  20.0%  actual   0.0%
ramp-up   core 21  target  40.0%  actual  20.0%
ramp-up   core 21  target  60.0%  actual  40.0%
ramp-up   core 21  target  80.0%  actual  63.6%
ramp-up   core 21  target 100.0%  actual  72.7%
ramp-up   core 21  target 100.0%  actual 100.0%
ramp-up   core 22  target  20.0%  actual   0.0%
ramp-up   core 22  target  40.0%  actual  20.0%
ramp-up   core 22  target  60.0%  actual  45.5%
ramp-up   core 22  target  80.0%  actual  60.0%
ramp-up   core 22  target 100.0%  actual  72.7%
ramp-up   core 22  target 100.0%  actual 100.0%
ramp-up   core 23  target  20.0%  actual   0.0%
ramp-up   core 23  target  40.0%  actual  20.0%
ramp-up   core 23  target  60.0%  actual  40.0%
ramp-up   core 23  target  80.0%  actual  60.0%
ramp-up   core 23  target 100.0%  actual  80.0%
ramp-up   core 23  target 100.0%  actual 100.0%
ramp-up   core 24  target  20.0%  actual   0.0%
ramp-up   core 24  target  40.0%  actual  27.3%
ramp-up   core 24  target  60.0%  actual  40.0%
ramp-up   core 24  target  80.0%  actual  60.0%
ramp-up   core 24  target 100.0%  actual  80.0%
ramp-up   core 24  target 100.0%  actual 100.0%
ramp-up   core 25  target  20.0%  actual   0.0%
ramp-up   core 25  target  40.0%  actual  20.0%
ramp-up   core 25  target  60.0%  actual  40.0%
ramp-up   core 25  target  80.0%  actual  60.0%
ramp-up   core 25  target 100.0%  actual  72.7%
ramp-up   core 25  target 100.0%  actual 100.0%
ramp-up   core 26  target  20.0%  actual   0.0%
ramp-up   core 26  target  40.0%  actual  30.0%
ramp-up   core 26  target  60.0%  actual  30.0%
ramp-up   core 26  target  80.0%  actual  60.0%
ramp-up   core 26  target 100.0%  actual  80.0%
ramp-up   core 26  target 100.0%  actual 100.0%
ramp-up   core 27  target  20.0%  actual   0.0%
ramp-up   core 27  target  40.0%  actual  20.0%
ramp-up   core 27  target  60.0%  actual  40.0%
ramp-up   core 27  target  80.0%  actual  60.0%
ramp-up   core 27  target 100.0%  actual  80.0%
ramp-up   core 27  target 100.0%  actual 100.0%
ramp-up   core 28  target  20.0%  actual   9.1%
ramp-up   core 28  target  40.0%  actual  20.0%
ramp-up   core 28  target  60.0%  actual  44.4%
ramp-up   core 28  target  80.0%  actual  60.0%
ramp-up   core 28  target 100.0%  actual  72.7%
ramp-up   core 28  target 100.0%  actual 100.0%
ramp-up   core 29  target  20.0%  actual   0.0%
ramp-up   core 29  target  40.0%  actual  20.0%
ramp-up   core 29  target  60.0%  actual  40.0%
ramp-up   core 29  target  80.0%  actual  63.6%
ramp-up   core 29  target 100.0%  actual  80.0%
ramp-up   core 29  target 100.0%  actual 100.0%
ramp-up   core 30  target  20.0%  actual   0.0%
ramp-up   core 30  target  40.0%  actual  30.0%
ramp-up   core 30  target  60.0%  actual  30.0%
ramp-up   core 30  target  80.0%  actual  60.0%
ramp-up   core 30  target 100.0%  actual  80.0%
ramp-up   core 30  target 100.0%  actual 100.0%
ramp-up   core 31  target  20.0%  actual   0.0%
ramp-up   core 31  target  40.0%  actual  27.3%
ramp-up   core 31  target  60.0%  actual  40.0%
ramp-up   core 31  target  80.0%  actual  55.6%
ramp-up   core 31  target 100.0%  actual  72.7%
ramp-up   core 31  target 100.0%  actual 100.0%
ramp-up   core 32  target  20.0%  actual  10.0%
ramp-up   core 32  target  40.0%  actual  20.0%
ramp-up   core 32  target  60.0%  actual  40.0%
ramp-up   core 32  target  80.0%  actual  63.6%
ramp-up   core 32  target 100.0%  actual  80.0%
ramp-up   core 32  target 100.0%  actual 100.0%
ramp-up   core 33  target  20.0%  actual   0.0%
ramp-up   core 33  target  40.0%  actual  20.0%
ramp-up   core 33  target  60.0%  actual  40.0%
ramp-up   core 33  target  80.0%  actual  55.6%
ramp-up   core 33  target 100.0%  actual  81.8%
ramp-up   core 33  target 100.0%  actual 100.0%
ramp-up   core 34  target  20.0%  actual   0.0%
ramp-up   core 34  target  40.0%  actual  20.0%
ramp-up   core 34  target  60.0%  actual  40.0%
ramp-up   core 34  target  80.0%  actual  60.0%
ramp-up   core 34  target 100.0%  actual  80.0%
ramp-up   core 34  target 100.0%  actual 100.0%
ramp-up   core 35  target  20.0%  actual   0.0%
ramp-up   core 35  target  40.0%  actual  20.0%
ramp-up   core 35  target  60.0%  actual  45.5%
ramp-up   core 35  target  80.0%  actual  55.6%
ramp-up   core 35  target 100.0%  actual  72.7%
ramp-up   core 35  target 100.0%  actual 100.0%
ramp-up   core 36  target  20.0%  actual   0.0%
ramp-up   core 36  target  40.0%  actual  20.0%
ramp-up   core 36  target  60.0%  actual  45.5%
ramp-up   core 36  target  80.0%  actual  60.0%
ramp-up   core 36  target 100.0%  actual  80.0%
ramp-up   core 36  target 100.0%  actual  90.9%
ramp-up   core 36  target 100.0%  actual 100.0%
ramp-up   core 37  target  20.0%  actual   0.0%
ramp-up   core 37  target  40.0%  actual  20.0%
ramp-up   core 37  target  60.0%  actual  45.5%
ramp-up   core 37  target  80.0%  actual  66.7%
ramp-up   core 37  target 100.0%  actual  72.7%
ramp-up   core 37  target 100.0%  actual 100.0%
ramp-up   core 38  target  20.0%  actual  10.0%
ramp-up   core 38  target  40.0%  actual  20.0%
ramp-up   core 38  target  60.0%  actual  40.0%
ramp-up   core 38  target  80.0%  actual  60.0%
ramp-up   core 38  target 100.0%  actual  80.0%
ramp-up   core 38  target 100.0%  actual 100.0%
ramp-up   core 39  target  20.0%  actual   0.0%
ramp-up   core 39  target  40.0%  actual  27.3%
ramp-up   core 39  target  60.0%  actual  33.3%
ramp-up   core 39  target  80.0%  actual  60.0%
ramp-up   core 39  target 100.0%  actual  80.0%
ramp-up   core 39  target 100.0%  actual 100.0%
ramp-up   core 40  target  20.0%  actual   0.0%
ramp-up   core 40  target  40.0%  actual  20.0%
ramp-up   core 40  target  60.0%  actual  40.0%
ramp-up   core 40  target  80.0%  actual  60.0%
ramp-up   core 40  target 100.0%  actual  77.8%
ramp-up   core 40  target 100.0%  actual 100.0%
ramp-up   core 41  target  20.0%  actual  10.0%
ramp-up   core 41  target  40.0%  actual  20.0%
ramp-up   core 41  target  60.0%  actual  40.0%
ramp-up   core 41  target  80.0%  actual  60.0%
ramp-up   core 41  target 100.0%  actual  77.8%
ramp-up   core 41  target 100.0%  actual  90.9%
ramp-up   core 41  target 100.0%  actual 100.0%
ramp-up   core 42  target  20.0%  actual   0.0%
ramp-up   core 42  target  40.0%  actual  27.3%
ramp-up   core 42  target  60.0%  actual  40.0%
ramp-up   core 42  target  80.0%  actual  55.6%
ramp-up   core 42  target 100.0%  actual  80.0%
ramp-up   core 42  target 100.0%  actual 100.0%
ramp-up   core 43  target  20.0%  actual   9.1%
ramp-up   core 43  target  40.0%  actual  20.0%
ramp-up   core 43  target  60.0%  actual  40.0%
ramp-up   core 43  target  80.0%  actual  60.0%
ramp-up   core 43  target 100.0%  actual  80.0%
ramp-up   core 43  target 100.0%  actual 100.0%
ramp-up   core 44  target  20.0%  actual   0.0%
ramp-up   core 44  target  40.0%  actual  27.3%
ramp-up   core 44  target  60.0%  actual  40.0%
ramp-up   core 44  target  80.0%  actual  60.0%
ramp-up   core 44  target 100.0%  actual  80.0%
ramp-up   core 44  target 100.0%  actual 100.0%
ramp-up   core 45  target  20.0%  actual   0.0%
ramp-up   core 45  target  40.0%  actual  20.0%
ramp-up   core 45  target  60.0%  actual  40.0%
ramp-up   core 45  target  80.0%  actual  60.0%
ramp-up   core 45  target 100.0%  actual  80.0%
ramp-up   core 45  target 100.0%  actual 100.0%
ramp-up   core 46  target  20.0%  actual   0.0%
ramp-up   core 46  target  40.0%  actual  20.0%
ramp-up   core 46  target  60.0%  actual  40.0%
ramp-up   core 46  target  80.0%  actual  60.0%
ramp-up   core 46  target 100.0%  actual  80.0%
ramp-up   core 46  target 100.0%  actual 100.0%
ramp-up   core 47  target  20.0%  actual   0.0%
ramp-up   core 47  target  40.0%  actual  20.0%
ramp-up   core 47  target  60.0%  actual  40.0%
ramp-up   core 47  target  80.0%  actual  63.6%
ramp-up   core 47  target 100.0%  actual  80.0%
ramp-up   core 47  target 100.0%  actual 100.0%
ramp-up   core 48  target  20.0%  actual   0.0%
ramp-up   core 48  target  40.0%  actual  27.3%
ramp-up   core 48  target  60.0%  actual  40.0%
ramp-up   core 48  target  80.0%  actual  55.6%
ramp-up   core 48  target 100.0%  actual  80.0%
ramp-up   core 48  target 100.0%  actual 100.0%
ramp-up   core 49  target  20.0%  actual   0.0%
ramp-up   core 49  target  40.0%  actual  27.3%
ramp-up   core 49  target  60.0%  actual  40.0%
ramp-up   core 49  target  80.0%  actual  60.0%
ramp-up   core 49  target 100.0%  actual  80.0%
ramp-up   core 49  target 100.0%  actual 100.0%
ramp-up   core 50  target  20.0%  actual   9.1%
ramp-up   core 50  target  40.0%  actual  22.2%
ramp-up   core 50  target  60.0%  actual  40.0%
ramp-up   core 50  target  80.0%  actual  60.0%
ramp-up   core 50  target 100.0%  actual  80.0%
ramp-up   core 50  target 100.0%  actual  90.0%
ramp-up   core 50  target 100.0%  actual 100.0%
ramp-up   core 51  target  20.0%  actual   0.0%
ramp-up   core 51  target  40.0%  actual  11.1%
ramp-up   core 51  target  60.0%  actual  33.3%
ramp-up   core 51  target  80.0%  actual  60.0%
ramp-up   core 51  target 100.0%  actual  80.0%
ramp-up   core 51  target 100.0%  actual 100.0%
ramp-up   core 52  target  20.0%  actual   9.1%
ramp-up   core 52  target  40.0%  actual  12.5%
ramp-up   core 52  target  60.0%  actual  30.0%
ramp-up   core 52  target  80.0%  actual  60.0%
ramp-up   core 52  target 100.0%  actual  77.8%
ramp-up   core 52  target 100.0%  actual 100.0%
ramp-up   core 53  target  20.0%  actual   0.0%
ramp-up   core 53  target  40.0%  actual  11.1%
ramp-up   core 53  target  60.0%  actual  40.0%
ramp-up   core 53  target  80.0%  actual  63.6%
ramp-up   core 53  target 100.0%  actual  81.8%
ramp-up   core 53  target 100.0%  actual 100.0%
ramp-up   core 54  target  20.0%  actual   0.0%
ramp-up   core 54  target  40.0%  actual  27.3%
ramp-up   core 54  target  60.0%  actual  40.0%
ramp-up   core 54  target  80.0%  actual  60.0%
ramp-up   core 54  target 100.0%  actual  80.0%
ramp-up   core 54  target 100.0%  actual 100.0%
ramp-up   core 55  target  20.0%  actual   9.1%
ramp-up   core 55  target  40.0%  actual  20.0%
ramp-up   core 55  target  60.0%  actual  40.0%
ramp-up   core 55  target  80.0%  actual  60.0%
ramp-up   core 55  target 100.0%  actual  80.0%
ramp-up   core 55  target 100.0%  actual 100.0%
ramp-up   core 56  target  20.0%  actual   0.0%
ramp-up   core 56  target  40.0%  actual  11.1%
ramp-up   core 56  target  60.0%  actual  40.0%
ramp-up   core 56  target  80.0%  actual  55.6%
ramp-up   core 56  target 100.0%  actual  77.8%
ramp-up   core 56  target 100.0%  actual 100.0%
ramp-up   core 57  target  20.0%  actual   0.0%
ramp-up   core 57  target  40.0%  actual  11.1%
ramp-up   core 57  target  60.0%  actual  30.0%
ramp-up   core 57  target  80.0%  actual  55.6%
ramp-up   core 57  target 100.0%  actual  77.8%
ramp-up   core 57  target 100.0%  actual 100.0%
ramp-up   core 58  target  20.0%  actual   0.0%
ramp-up   core 58  target  40.0%  actual  20.0%
ramp-up   core 58  target  60.0%  actual  40.0%
ramp-up   core 58  target  80.0%  actual  60.0%
ramp-up   core 58  target 100.0%  actual  77.8%
ramp-up   core 58  target 100.0%  actual  90.9%
ramp-up   core 58  target 100.0%  actual 100.0%
ramp-up   core 59  target  20.0%  actual   0.0%
ramp-up   core 59  target  40.0%  actual  20.0%
ramp-up   core 59  target  60.0%  actual  33.3%
ramp-up   core 59  target  80.0%  actual  55.6%
ramp-up   core 59  target 100.0%  actual  77.8%
ramp-up   core 59  target 100.0%  actual 100.0%
ramp-up   core 60  target  20.0%  actual   9.1%
ramp-up   core 60  target  40.0%  actual  20.0%
ramp-up   core 60  target  60.0%  actual  40.0%
ramp-up   core 60  target  80.0%  actual  60.0%
ramp-up   core 60  target 100.0%  actual  80.0%
ramp-up   core 60  target 100.0%  actual 100.0%
ramp-up   core 61  target  20.0%  actual   0.0%
ramp-up   core 61  target  40.0%  actual  27.3%
ramp-up   core 61  target  60.0%  actual  40.0%
ramp-up   core 61  target  80.0%  actual  60.0%
ramp-up   core 61  target 100.0%  actual  77.8%
ramp-up   core 61  target 100.0%  actual 100.0%
ramp-up   core 62  target  20.0%  actual   9.1%
ramp-up   core 62  target  40.0%  actual  22.2%
ramp-up   core 62  target  60.0%  actual  40.0%
ramp-up   core 62  target  80.0%  actual  54.5%
ramp-up   core 62  target 100.0%  actual  80.0%
ramp-up   core 62  target 100.0%  actual 100.0%
ramp-up   core 63  target  20.0%  actual   0.0%
ramp-up   core 63  target  40.0%  actual  22.2%
ramp-up   core 63  target  60.0%  actual  45.5%
ramp-up   core 63  target  80.0%  actual  60.0%
ramp-up   core 63  target 100.0%  actual  72.7%
ramp-up   core 63  target 100.0%  actual 100.0%
ramp-up   core 64  target  20.0%  actual   0.0%
ramp-up   core 64  target  40.0%  actual  20.0%
ramp-up   core 64  target  60.0%  actual  40.0%
ramp-up   core 64  target  80.0%  actual  60.0%
ramp-up   core 64  target 100.0%  actual  80.0%
ramp-up   core 64  target 100.0%  actual 100.0%
ramp-up   core 65  target  20.0%  actual   0.0%
ramp-up   core 65  target  40.0%  actual  20.0%
ramp-up   core 65  target  60.0%  actual  40.0%
ramp-up   core 65  target  80.0%  actual  60.0%
ramp-up   core 65  target 100.0%  actual  80.0%
ramp-up   core 65  target 100.0%  actual 100.0%
ramp-up   core 66  target  20.0%  actual   9.1%
ramp-up   core 66  target  40.0%  actual  20.0%
ramp-up   core 66  target  60.0%  actual  40.0%
ramp-up   core 66  target  80.0%  actual  55.6%
ramp-up   core 66  target 100.0%  actual  72.7%
ramp-up   core 66  target 100.0%  actual 100.0%
ramp-up   core 67  target  20.0%  actual   0.0%
ramp-up   core 67  target  40.0%  actual  27.3%
ramp-up   core 67  target  60.0%  actual  40.0%
ramp-up   core 67  target  80.0%  actual  63.6%
ramp-up   core 67  target 100.0%  actual  80.0%
ramp-up   core 67  target 100.0%  actual  90.0%
ramp-up   core 67  target 100.0%  actual 100.0%
ramp-up   core 68  target  20.0%  actual   0.0%
ramp-up   core 68  target  40.0%  actual  27.3%
ramp-up   core 68  target  60.0%  actual  40.0%
ramp-up   core 68  target  80.0%  actual  60.0%
ramp-up   core 68  target 100.0%  actual  80.0%
ramp-up   core 68  target 100.0%  actual 100.0%
ramp-up   core 69  target  20.0%  actual   9.1%
ramp-up   core 69  target  40.0%  actual  20.0%
ramp-up   core 69  target  60.0%  actual  40.0%
ramp-up   core 69  target  80.0%  actual  60.0%
ramp-up   core 69  target 100.0%  actual  80.0%
ramp-up   core 69  target 100.0%  actual 100.0%
ramp-up   core 70  target  20.0%  actual   0.0%
ramp-up   core 70  target  40.0%  actual  20.0%
ramp-up   core 70  target  60.0%  actual  30.0%
ramp-up   core 70  target  80.0%  actual  60.0%
ramp-up   core 70  target 100.0%  actual  80.0%
ramp-up   core 70  target 100.0%  actual 100.0%
ramp-up   core 71  target  20.0%  actual   9.1%
ramp-up   core 71  target  40.0%  actual  22.2%
ramp-up   core 71  target  60.0%  actual  40.0%
ramp-up   core 71  target  80.0%  actual  54.5%
ramp-up   core 71  target 100.0%  actual  80.0%
ramp-up   core 71  target 100.0%  actual 100.0%
ramp-up   core 72  target  20.0%  actual   0.0%
ramp-up   core 72  target  40.0%  actual  30.0%
ramp-up   core 72  target  60.0%  actual  40.0%
ramp-up   core 72  target  80.0%  actual  60.0%
ramp-up   core 72  target 100.0%  actual  72.7%
ramp-up   core 72  target 100.0%  actual 100.0%
ramp-up   core 73  target  20.0%  actual   0.0%
ramp-up   core 73  target  40.0%  actual  20.0%
ramp-up   core 73  target  60.0%  actual  40.0%
ramp-up   core 73  target  80.0%  actual  60.0%
ramp-up   core 73  target 100.0%  actual  80.0%
ramp-up   core 73  target 100.0%  actual 100.0%
ramp-up   core 74  target  20.0%  actual   0.0%
ramp-up   core 74  target  40.0%  actual  27.3%
ramp-up   core 74  target  60.0%  actual  33.3%
ramp-up   core 74  target  80.0%  actual  60.0%
ramp-up   core 74  target 100.0%  actual  80.0%
ramp-up   core 74  target 100.0%  actual  90.9%
ramp-up   core 74  target 100.0%  actual 100.0%
ramp-up   core 75  target  20.0%  actual   0.0%
ramp-up   core 75  target  40.0%  actual  20.0%
ramp-up   core 75  target  60.0%  actual  40.0%
ramp-up   core 75  target  80.0%  actual  60.0%
ramp-up   core 75  target 100.0%  actual  81.8%
ramp-up   core 75  target 100.0%  actual  90.0%
ramp-up   core 75  target 100.0%  actual 100.0%
ramp-up   core 76  target  20.0%  actual   0.0%
ramp-up   core 76  target  40.0%  actual  20.0%
ramp-up   core 76  target  60.0%  actual  40.0%
ramp-up   core 76  target  80.0%  actual  60.0%
ramp-up   core 76  target 100.0%  actual  77.8%
ramp-up   core 76  target 100.0%  actual  90.9%
ramp-up   core 76  target 100.0%  actual 100.0%
ramp-up   core 77  target  20.0%  actual   0.0%
ramp-up   core 77  target  40.0%  actual  20.0%
ramp-up   core 77  target  60.0%  actual  40.0%
ramp-up   core 77  target  80.0%  actual  60.0%
ramp-up   core 77  target 100.0%  actual  80.0%
ramp-up   core 77  target 100.0%  actual 100.0%
ramp-up   core 78  target  20.0%  actual   0.0%
ramp-up   core 78  target  40.0%  actual  27.3%
ramp-up   core 78  target  60.0%  actual  45.5%
ramp-up   core 78  target  80.0%  actual  60.0%
ramp-up   core 78  target 100.0%  actual  80.0%
ramp-up   core 78  target 100.0%  actual 100.0%
ramp-up   core 79  target  20.0%  actual   9.1%
ramp-up   core 79  target  40.0%  actual  22.2%
ramp-up   core 79  target  60.0%  actual  36.4%
ramp-up   core 79  target  80.0%  actual  60.0%
ramp-up   core 79  target 100.0%  actual  77.8%
ramp-up   core 79  target 100.0%  actual 100.0%
ramp-up   core 80  target  20.0%  actual   0.0%
ramp-up   core 80  target  40.0%  actual  20.0%
ramp-up   core 80  target  60.0%  actual  40.0%
ramp-up   core 80  target  80.0%  actual  60.0%
ramp-up   core 80  target 100.0%  actual  77.8%
ramp-up   core 80  target 100.0%  actual 100.0%
ramp-up   core 81  target  20.0%  actual   0.0%
ramp-up   core 81  target  40.0%  actual  27.3%
ramp-up   core 81  target  60.0%  actual  40.0%
ramp-up   core 81  target  80.0%  actual  60.0%
ramp-up   core 81  target 100.0%  actual  80.0%
ramp-up   core 81  target 100.0%  actual 100.0%
ramp-up   core 82  target  20.0%  actual   0.0%
ramp-up   core 82  target  40.0%  actual  20.0%
ramp-up   core 82  target  60.0%  actual  40.0%
ramp-up   core 82  target  80.0%  actual  60.0%
ramp-up   core 82  target 100.0%  actual  80.0%
ramp-up   core 82  target 100.0%  actual 100.0%
ramp-up   core 83  target  20.0%  actual   0.0%
ramp-up   core 83  target  40.0%  actual  27.3%
ramp-up   core 83  target  60.0%  actual  40.0%
ramp-up   core 83  target  80.0%  actual  55.6%
ramp-up   core 83  target 100.0%  actual  80.0%
ramp-up   core 83  target 100.0%  actual  90.9%
ramp-up   core 83  target 100.0%  actual 100.0%
ramp-up   core 84  target  20.0%  actual   0.0%
ramp-up   core 84  target  40.0%  actual  27.3%
ramp-up   core 84  target  60.0%  actual  40.0%
ramp-up   core 84  target  80.0%  actual  60.0%
ramp-up   core 84  target 100.0%  actual  80.0%
ramp-up   core 84  target 100.0%  actual  90.9%
ramp-up   core 84  target 100.0%  actual 100.0%
ramp-up   core 85  target  20.0%  actual   0.0%
ramp-up   core 85  target  40.0%  actual  22.2%
ramp-up   core 85  target  60.0%  actual  40.0%
ramp-up   core 85  target  80.0%  actual  63.6%
ramp-up   core 85  target 100.0%  actual  80.0%
ramp-up   core 85  target 100.0%  actual  90.0%
ramp-up   core 85  target 100.0%  actual 100.0%
ramp-up   core 86  target  20.0%  actual   0.0%
ramp-up   core 86  target  40.0%  actual  22.2%
ramp-up   core 86  target  60.0%  actual  40.0%
ramp-up   core 86  target  80.0%  actual  60.0%
ramp-up   core 86  target 100.0%  actual  72.7%
ramp-up   core 86  target 100.0%  actual 100.0%
ramp-up   core 87  target  20.0%  actual   9.1%
ramp-up   core 87  target  40.0%  actual  20.0%
ramp-up   core 87  target  60.0%  actual  40.0%
ramp-up   core 87  target  80.0%  actual  55.6%
ramp-up   core 87  target 100.0%  actual  80.0%
ramp-up   core 87  target 100.0%  actual 100.0%
ramp-up   core 88  target  20.0%  actual   0.0%
ramp-up   core 88  target  40.0%  actual  20.0%
ramp-up   core 88  target  60.0%  actual  45.5%
ramp-up   core 88  target  80.0%  actual  55.6%
ramp-up   core 88  target 100.0%  actual  80.0%
ramp-up   core 88  target 100.0%  actual 100.0%
ramp-up   core 89  target  20.0%  actual   0.0%
ramp-up   core 89  target  40.0%  actual  20.0%
ramp-up   core 89  target  60.0%  actual  40.0%
ramp-up   core 89  target  80.0%  actual  60.0%
ramp-up   core 89  target 100.0%  actual  80.0%
ramp-up   core 89  target 100.0%  actual 100.0%
ramp-up   core 90  target  20.0%  actual   0.0%
ramp-up   core 90  target  40.0%  actual  20.0%
ramp-up   core 90  target  60.0%  actual  40.0%
ramp-up   core 90  target  80.0%  actual  60.0%
ramp-up   core 90  target 100.0%  actual  80.0%
ramp-up   core 90  target 100.0%  actual 100.0%
ramp-up   core 91  target  20.0%  actual   0.0%
ramp-up   core 91  target  40.0%  actual  20.0%
ramp-up   core 91  target  60.0%  actual  40.0%
ramp-up   core 91  target  80.0%  actual  60.0%
ramp-up   core 91  target 100.0%  actual  77.8%
ramp-up   core 91  target 100.0%  actual 100.0%
ramp-up   core 92  target  20.0%  actual   0.0%
ramp-up   core 92  target  40.0%  actual  20.0%
ramp-up   core 92  target  60.0%  actual  45.5%
ramp-up   core 92  target  80.0%  actual  60.0%
ramp-up   core 92  target 100.0%  actual  80.0%
ramp-up   core 92  target 100.0%  actual 100.0%
ramp-up   core 93  target  20.0%  actual   9.1%
ramp-up   core 93  target  40.0%  actual  22.2%
ramp-up   core 93  target  60.0%  actual  40.0%
ramp-up   core 93  target  80.0%  actual  60.0%
ramp-up   core 93  target 100.0%  actual  72.7%
ramp-up   core 93  target 100.0%  actual 100.0%
ramp-up   core 94  target  20.0%  actual   0.0%
ramp-up   core 94  target  40.0%  actual  20.0%
ramp-up   core 94  target  60.0%  actual  40.0%
ramp-up   core 94  target  80.0%  actual  60.0%
ramp-up   core 94  target 100.0%  actual  80.0%
ramp-up   core 94  target 100.0%  actual 100.0%
ramp-up   core 95  target  20.0%  actual   0.0%
ramp-up   core 95  target  40.0%  actual  20.0%
ramp-up   core 95  target  60.0%  actual  36.4%
ramp-up   core 95  target  80.0%  actual  55.6%
ramp-up   core 95  target 100.0%  actual  80.0%
ramp-up   core 95  target 100.0%  actual 100.0%
ramp-up   core 96  target  20.0%  actual   0.0%
ramp-up   core 96  target  40.0%  actual  20.0%
ramp-up   core 96  target  60.0%  actual  40.0%
ramp-up   core 96  target  80.0%  actual  63.6%
ramp-up   core 96  target 100.0%  actual  80.0%
ramp-up   core 96  target 100.0%  actual  90.9%
ramp-up   core 96  target 100.0%  actual 100.0%
ramp-up   core 97  target  20.0%  actual   0.0%
ramp-up   core 97  target  40.0%  actual  20.0%
ramp-up   core 97  target  60.0%  actual  40.0%
ramp-up   core 97  target  80.0%  actual  60.0%
ramp-up   core 97  target 100.0%  actual  81.8%
ramp-up   core 97  target 100.0%  actual 100.0%
ramp-up   core 98  target  20.0%  actual   0.0%
ramp-up   core 98  target  40.0%  actual  20.0%
ramp-up   core 98  target  60.0%  actual  40.0%
ramp-up   core 98  target  80.0%  actual  60.0%
ramp-up   core 98  target 100.0%  actual  80.0%
ramp-up   core 98  target 100.0%  actual  90.9%
ramp-up   core 98  target 100.0%  actual 100.0%
ramp-up   core 99  target  20.0%  actual   0.0%
ramp-up   core 99  target  40.0%  actual  20.0%
ramp-up   core 99  target  60.0%  actual  45.5%
ramp-up   core 99  target  80.0%  actual  60.0%
ramp-up   core 99  target 100.0%  actual  77.8%
ramp-up   core 99  target 100.0%  actual 100.0%
ramp-up   core 100  target  20.0%  actual   9.1%
ramp-up   core 100  target  40.0%  actual  20.0%
ramp-up   core 100  target  60.0%  actual  40.0%
ramp-up   core 100  target  80.0%  actual  60.0%
ramp-up   core 100  target 100.0%  actual  77.8%
ramp-up   core 100  target 100.0%  actual 100.0%
ramp-up   core 101  target  20.0%  actual   0.0%
ramp-up   core 101  target  40.0%  actual  20.0%
ramp-up   core 101  target  60.0%  actual  40.0%
ramp-up   core 101  target  80.0%  actual  60.0%
ramp-up   core 101  target 100.0%  actual  72.7%
ramp-up   core 101  target 100.0%  actual 100.0%
ramp-up   core 102  target  20.0%  actual   0.0%
ramp-up   core 102  target  40.0%  actual  11.1%
ramp-up   core 102  target  60.0%  actual  33.3%
ramp-up   core 102  target  80.0%  actual  55.6%
ramp-up   core 102  target 100.0%  actual  70.0%
ramp-up   core 102  target 100.0%  actual 100.0%
ramp-up   core 103  target  20.0%  actual   0.0%
ramp-up   core 103  target  40.0%  actual  20.0%
ramp-up   core 103  target  60.0%  actual  40.0%
ramp-up   core 103  target  80.0%  actual  60.0%
ramp-up   core 103  target 100.0%  actual  80.0%
ramp-up   core 103  target 100.0%  actual  90.9%
ramp-up   core 103  target 100.0%  actual 100.0%
ramp-up   core 104  target  20.0%  actual   0.0%
ramp-up   core 104  target  40.0%  actual  20.0%
ramp-up   core 104  target  60.0%  actual  36.4%
ramp-up   core 104  target  80.0%  actual  55.6%
ramp-up   core 104  target 100.0%  actual  81.8%
ramp-up   core 104  target 100.0%  actual 100.0%
ramp-up   core 105  target  20.0%  actual   0.0%
ramp-up   core 105  target  40.0%  actual  20.0%
ramp-up   core 105  target  60.0%  actual  40.0%
ramp-up   core 105  target  80.0%  actual  60.0%
ramp-up   core 105  target 100.0%  actual  77.8%
ramp-up   core 105  target 100.0%  actual 100.0%
ramp-up   core 106  target  20.0%  actual   0.0%
ramp-up   core 106  target  40.0%  actual  20.0%
ramp-up   core 106  target  60.0%  actual  40.0%
ramp-up   core 106  target  80.0%  actual  60.0%
ramp-up   core 106  target 100.0%  actual  80.0%
ramp-up   core 106  target 100.0%  actual 100.0%
ramp-up   core 107  target  20.0%  actual   0.0%
ramp-up   core 107  target  40.0%  actual  20.0%
ramp-up   core 107  target  60.0%  actual  40.0%
ramp-up   core 107  target  80.0%  actual  66.7%
ramp-up   core 107  target 100.0%  actual  80.0%
ramp-up   core 107  target 100.0%  actual 100.0%
ramp-up   core 108  target  20.0%  actual   0.0%
ramp-up   core 108  target  40.0%  actual  20.0%
ramp-up   core 108  target  60.0%  actual  33.3%
ramp-up   core 108  target  80.0%  actual  60.0%
ramp-up   core 108  target 100.0%  actual  80.0%
ramp-up   core 108  target 100.0%  actual  90.9%
ramp-up   core 108  target 100.0%  actual 100.0%
ramp-up   core 109  target  20.0%  actual   0.0%
ramp-up   core 109  target  40.0%  actual  20.0%
ramp-up   core 109  target  60.0%  actual  40.0%
ramp-up   core 109  target  80.0%  actual  60.0%
ramp-up   core 109  target 100.0%  actual  80.0%
ramp-up   core 109  target 100.0%  actual  90.9%
ramp-up   core 109  target 100.0%  actual 100.0%
ramp-up   core 110  target  20.0%  actual   0.0%
ramp-up   core 110  target  40.0%  actual  20.0%
ramp-up   core 110  target  60.0%  actual  40.0%
ramp-up   core 110  target  80.0%  actual  60.0%
ramp-up   core 110  target 100.0%  actual  80.0%
ramp-up   core 110  target 100.0%  actual 100.0%
ramp-up   core 111  target  20.0%  actual   9.1%
ramp-up   core 111  target  40.0%  actual  20.0%
ramp-up   core 111  target  60.0%  actual  40.0%
ramp-up   core 111  target  80.0%  actual  60.0%
ramp-up   core 111  target 100.0%  actual  80.0%
ramp-up   core 111  target 100.0%  actual 100.0%
ramp-up   core 112  target  20.0%  actual   0.0%
ramp-up   core 112  target  40.0%  actual  20.0%
ramp-up   core 112  target  60.0%  actual  40.0%
ramp-up   core 112  target  80.0%  actual  54.5%
ramp-up   core 112  target 100.0%  actual  77.8%
ramp-up   core 112  target 100.0%  actual 100.0%
ramp-up   core 113  target  20.0%  actual   0.0%
ramp-up   core 113  target  40.0%  actual  20.0%
ramp-up   core 113  target  60.0%  actual  40.0%
ramp-up   core 113  target  80.0%  actual  60.0%
ramp-up   core 113  target 100.0%  actual  70.0%
ramp-up   core 113  target 100.0%  actual 100.0%
ramp-up   core 114  target  20.0%  actual   0.0%
ramp-up   core 114  target  40.0%  actual  18.2%
ramp-up   core 114  target  60.0%  actual  40.0%
ramp-up   core 114  target  80.0%  actual  60.0%
ramp-up   core 114  target 100.0%  actual  80.0%
ramp-up   core 114  target 100.0%  actual 100.0%
ramp-up   core 115  target  20.0%  actual   0.0%
ramp-up   core 115  target  40.0%  actual  20.0%
ramp-up   core 115  target  60.0%  actual  40.0%
ramp-up   core 115  target  80.0%  actual  60.0%
ramp-up   core 115  target 100.0%  actual  80.0%
ramp-up   core 115  target 100.0%  actual 100.0%
ramp-up   core 116  target  20.0%  actual   0.0%
ramp-up   core 116  target  40.0%  actual  18.2%
ramp-up   core 116  target  60.0%  actual  40.0%
ramp-up   core 116  target  80.0%  actual  60.0%
ramp-up   core 116  target 100.0%  actual  80.0%
ramp-up   core 116  target 100.0%  actual 100.0%
ramp-up   core 117  target  20.0%  actual   0.0%
ramp-up   core 117  target  40.0%  actual  20.0%
ramp-up   core 117  target  60.0%  actual  40.0%
ramp-up   core 117  target  80.0%  actual  55.6%
ramp-up   core 117  target 100.0%  actual  80.0%
ramp-up   core 117  target 100.0%  actual  90.9%
ramp-up   core 117  target 100.0%  actual 100.0%
ramp-up   core 118  target  20.0%  actual   0.0%
ramp-up   core 118  target  40.0%  actual  20.0%
ramp-up   core 118  target  60.0%  actual  40.0%
ramp-up   core 118  target  80.0%  actual  60.0%
ramp-up   core 118  target 100.0%  actual  72.7%
ramp-up   core 118  target 100.0%  actual 100.0%
ramp-up   core 119  target  20.0%  actual   0.0%
ramp-up   core 119  target  40.0%  actual  20.0%
ramp-up   core 119  target  60.0%  actual  40.0%
ramp-up   core 119  target  80.0%  actual  60.0%
ramp-up   core 119  target 100.0%  actual  80.0%
ramp-up   core 119  target 100.0%  actual 100.0%
ramp-up   core 120  target  20.0%  actual   0.0%
ramp-up   core 120  target  40.0%  actual  20.0%
ramp-up   core 120  target  60.0%  actual  40.0%
ramp-up   core 120  target  80.0%  actual  60.0%
ramp-up   core 120  target 100.0%  actual  80.0%
ramp-up   core 120  target 100.0%  actual 100.0%
ramp-up   core 121  target  20.0%  actual   0.0%
ramp-up   core 121  target  40.0%  actual  18.2%
ramp-up   core 121  target  60.0%  actual  40.0%
ramp-up   core 121  target  80.0%  actual  55.6%
ramp-up   core 121  target 100.0%  actual  80.0%
ramp-up   core 121  target 100.0%  actual 100.0%
ramp-up   core 122  target  20.0%  actual   0.0%
ramp-up   core 122  target  40.0%  actual  20.0%
ramp-up   core 122  target  60.0%  actual  40.0%
ramp-up   core 122  target  80.0%  actual  60.0%
ramp-up   core 122  target 100.0%  actual  80.0%
ramp-up   core 122  target 100.0%  actual 100.0%
ramp-up   core 123  target  20.0%  actual   0.0%
ramp-up   core 123  target  40.0%  actual  20.0%
ramp-up   core 123  target  60.0%  actual  40.0%
ramp-up   core 123  target  80.0%  actual  60.0%
ramp-up   core 123  target 100.0%  actual  80.0%
ramp-up   core 123  target 100.0%  actual 100.0%
all cores loaded — launching: bash
================================================================================
HPLinpack 2.3  --  High-Performance Linpack benchmark  --   December 2, 2018
Written by A. Petitet and R. Clint Whaley,  Innovative Computing Laboratory, UTK
Modified by Piotr Luszczek, Innovative Computing Laboratory, UTK
Modified by Julien Langou, University of Colorado Denver
================================================================================

An explanation of the input/output parameters follows:
T/V    : Wall time / encoded variant.
N      : The order of the coefficient matrix A.
NB     : The partitioning blocking factor.
P      : The number of process rows.
Q      : The number of process columns.
Time   : Time in seconds to solve the linear system.
Gflops : Rate of execution for solving the linear system.

The following parameter values will be used:

N      :   80000 
NB     :     192 
PMAP   : Row-major process mapping
P      :       8 
Q      :      16 
PFACT  :   Right 
NBMIN  :       4 
NDIV   :       2 
RFACT  :   Right 
BCAST  :   1ring 
DEPTH  :       0 
SWAP   : Mix (threshold = 64)
L1     : transposed form
U      : transposed form
EQUIL  : yes
ALIGN  : 8 double precision words

--------------------------------------------------------------------------------

- The matrix A is randomly generated for each test.
- The following scaled residual check will be computed:
      ||Ax-b||_oo / ( eps * ( || x ||_oo * || A ||_oo + || b ||_oo ) * N )
- The relative machine precision (eps) is taken to be               1.110223e-16
- Computational tests pass if scaled residuals are less than                16.0

================================================================================
T/V                N    NB     P     Q               Time                 Gflops
--------------------------------------------------------------------------------
WR00R2R4       80000   192     8    16             211.65             1.6127e+03
HPL_pdgesv() start time Thu Jul 23 13:29:36 2026

HPL_pdgesv() end time   Thu Jul 23 13:33:08 2026

--------------------------------------------------------------------------------
||Ax-b||_oo/(eps*(||A||_oo*||x||_oo+||b||_oo)*N)=   1.02034063e-03 ...... PASSED
================================================================================

Finished      1 tests with the following results:
              1 tests completed and passed residual checks,
              0 tests completed and failed residual checks,
              0 tests skipped because of illegal input values.
--------------------------------------------------------------------------------

End of Tests.
================================================================================
command exited (0) — ramping down
ramp-down core 0   target  80.0%  actual 100.0%
ramp-down core 0   target  60.0%  actual  80.0%
ramp-down core 0   target  40.0%  actual  60.0%
ramp-down core 0   target  20.0%  actual  40.0%
ramp-down core 0   target   0.0%  actual  20.0%
ramp-down core 0   target   0.0%  actual   0.0%
ramp-down core 1   target  80.0%  actual 100.0%
ramp-down core 1   target  60.0%  actual  80.0%
ramp-down core 1   target  40.0%  actual  66.7%
ramp-down core 1   target  20.0%  actual  45.5%
ramp-down core 1   target   0.0%  actual  20.0%
ramp-down core 1   target   0.0%  actual   0.0%
ramp-down core 2   target  80.0%  actual 100.0%
ramp-down core 2   target  60.0%  actual  80.0%
ramp-down core 2   target  40.0%  actual  66.7%
ramp-down core 2   target  20.0%  actual  45.5%
ramp-down core 2   target   0.0%  actual  20.0%
ramp-down core 2   target   0.0%  actual   0.0%
ramp-down core 3   target  80.0%  actual 100.0%
ramp-down core 3   target  60.0%  actual  80.0%
ramp-down core 3   target  40.0%  actual  60.0%
ramp-down core 3   target  20.0%  actual  40.0%
ramp-down core 3   target   0.0%  actual  20.0%
ramp-down core 3   target   0.0%  actual   0.0%
ramp-down core 4   target  80.0%  actual 100.0%
ramp-down core 4   target  60.0%  actual  80.0%
ramp-down core 4   target  40.0%  actual  60.0%
ramp-down core 4   target  20.0%  actual  40.0%
ramp-down core 4   target   0.0%  actual  20.0%
ramp-down core 4   target   0.0%  actual   0.0%
ramp-down core 5   target  80.0%  actual 100.0%
ramp-down core 5   target  60.0%  actual  80.0%
ramp-down core 5   target  40.0%  actual  60.0%
ramp-down core 5   target  20.0%  actual  40.0%
ramp-down core 5   target   0.0%  actual  20.0%
ramp-down core 5   target   0.0%  actual   0.0%
ramp-down core 6   target  80.0%  actual 100.0%
ramp-down core 6   target  60.0%  actual  88.9%
ramp-down core 6   target  40.0%  actual  60.0%
ramp-down core 6   target  20.0%  actual  40.0%
ramp-down core 6   target   0.0%  actual  20.0%
ramp-down core 6   target   0.0%  actual   0.0%
ramp-down core 7   target  80.0%  actual 100.0%
ramp-down core 7   target  60.0%  actual  80.0%
ramp-down core 7   target  40.0%  actual  63.6%
ramp-down core 7   target  20.0%  actual  40.0%
ramp-down core 7   target   0.0%  actual  20.0%
ramp-down core 7   target   0.0%  actual   0.0%
ramp-down core 8   target  80.0%  actual 100.0%
ramp-down core 8   target  60.0%  actual  80.0%
ramp-down core 8   target  40.0%  actual  60.0%
ramp-down core 8   target  20.0%  actual  40.0%
ramp-down core 8   target   0.0%  actual  20.0%
ramp-down core 8   target   0.0%  actual   0.0%
ramp-down core 9   target  80.0%  actual 100.0%
ramp-down core 9   target  60.0%  actual  80.0%
ramp-down core 9   target  40.0%  actual  60.0%
ramp-down core 9   target  20.0%  actual  40.0%
ramp-down core 9   target   0.0%  actual  20.0%
ramp-down core 9   target   0.0%  actual   0.0%
ramp-down core 10  target  80.0%  actual 100.0%
ramp-down core 10  target  60.0%  actual  80.0%
ramp-down core 10  target  40.0%  actual  60.0%
ramp-down core 10  target  20.0%  actual  44.4%
ramp-down core 10  target   0.0%  actual  20.0%
ramp-down core 10  target   0.0%  actual   0.0%
ramp-down core 11  target  80.0%  actual 100.0%
ramp-down core 11  target  60.0%  actual  80.0%
ramp-down core 11  target  40.0%  actual  63.6%
ramp-down core 11  target  20.0%  actual  40.0%
ramp-down core 11  target   0.0%  actual  20.0%
ramp-down core 11  target   0.0%  actual   0.0%
ramp-down core 12  target  80.0%  actual 100.0%
ramp-down core 12  target  60.0%  actual  88.9%
ramp-down core 12  target  40.0%  actual  60.0%
ramp-down core 12  target  20.0%  actual  40.0%
ramp-down core 12  target   0.0%  actual  20.0%
ramp-down core 12  target   0.0%  actual   0.0%
ramp-down core 13  target  80.0%  actual 100.0%
ramp-down core 13  target  60.0%  actual  80.0%
ramp-down core 13  target  40.0%  actual  60.0%
ramp-down core 13  target  20.0%  actual  40.0%
ramp-down core 13  target   0.0%  actual  20.0%
ramp-down core 13  target   0.0%  actual   0.0%
ramp-down core 14  target  80.0%  actual 100.0%
ramp-down core 14  target  60.0%  actual  77.8%
ramp-down core 14  target  40.0%  actual  55.6%
ramp-down core 14  target  20.0%  actual  33.3%
ramp-down core 14  target   0.0%  actual  11.1%
ramp-down core 14  target   0.0%  actual   0.0%
ramp-down core 15  target  80.0%  actual 100.0%
ramp-down core 15  target  60.0%  actual  81.8%
ramp-down core 15  target  40.0%  actual  60.0%
ramp-down core 15  target  20.0%  actual  40.0%
ramp-down core 15  target   0.0%  actual  20.0%
ramp-down core 15  target   0.0%  actual   0.0%
ramp-down core 16  target  80.0%  actual 100.0%
ramp-down core 16  target  60.0%  actual  80.0%
ramp-down core 16  target  40.0%  actual  60.0%
ramp-down core 16  target  20.0%  actual  40.0%
ramp-down core 16  target   0.0%  actual  20.0%
ramp-down core 16  target   0.0%  actual   0.0%
ramp-down core 17  target  80.0%  actual 100.0%
ramp-down core 17  target  60.0%  actual  80.0%
ramp-down core 17  target  40.0%  actual  60.0%
ramp-down core 17  target  20.0%  actual  40.0%
ramp-down core 17  target   0.0%  actual  20.0%
ramp-down core 17  target   0.0%  actual   0.0%
ramp-down core 18  target  80.0%  actual 100.0%
ramp-down core 18  target  60.0%  actual  77.8%
ramp-down core 18  target  40.0%  actual  55.6%
ramp-down core 18  target  20.0%  actual  33.3%
ramp-down core 18  target   0.0%  actual  11.1%
ramp-down core 18  target   0.0%  actual   0.0%
ramp-down core 19  target  80.0%  actual  90.9%
ramp-down core 19  target  60.0%  actual  80.0%
ramp-down core 19  target  40.0%  actual  66.7%
ramp-down core 19  target  20.0%  actual  40.0%
ramp-down core 19  target   0.0%  actual  20.0%
ramp-down core 19  target   0.0%  actual   9.1%
ramp-down core 19  target   0.0%  actual   0.0%
ramp-down core 20  target  80.0%  actual  90.9%
ramp-down core 20  target  60.0%  actual  88.9%
ramp-down core 20  target  40.0%  actual  63.6%
ramp-down core 20  target  20.0%  actual  40.0%
ramp-down core 20  target   0.0%  actual  20.0%
ramp-down core 20  target   0.0%  actual   0.0%
ramp-down core 21  target  80.0%  actual 100.0%
ramp-down core 21  target  60.0%  actual  81.8%
ramp-down core 21  target  40.0%  actual  60.0%
ramp-down core 21  target  20.0%  actual  40.0%
ramp-down core 21  target   0.0%  actual  20.0%
ramp-down core 21  target   0.0%  actual   0.0%
ramp-down core 22  target  80.0%  actual 100.0%
ramp-down core 22  target  60.0%  actual  81.8%
ramp-down core 22  target  40.0%  actual  60.0%
ramp-down core 22  target  20.0%  actual  40.0%
ramp-down core 22  target   0.0%  actual  20.0%
ramp-down core 22  target   0.0%  actual   0.0%
ramp-down core 23  target  80.0%  actual 100.0%
ramp-down core 23  target  60.0%  actual  80.0%
ramp-down core 23  target  40.0%  actual  60.0%
ramp-down core 23  target  20.0%  actual  40.0%
ramp-down core 23  target   0.0%  actual  20.0%
ramp-down core 23  target   0.0%  actual   0.0%
ramp-down core 24  target  80.0%  actual 100.0%
ramp-down core 24  target  60.0%  actual  80.0%
ramp-down core 24  target  40.0%  actual  60.0%
ramp-down core 24  target  20.0%  actual  45.5%
ramp-down core 24  target   0.0%  actual  20.0%
ramp-down core 24  target   0.0%  actual   0.0%
ramp-down core 25  target  80.0%  actual 100.0%
ramp-down core 25  target  60.0%  actual  80.0%
ramp-down core 25  target  40.0%  actual  60.0%
ramp-down core 25  target  20.0%  actual  45.5%
ramp-down core 25  target   0.0%  actual  20.0%
ramp-down core 25  target   0.0%  actual   0.0%
ramp-down core 26  target  80.0%  actual 100.0%
ramp-down core 26  target  60.0%  actual  81.8%
ramp-down core 26  target  40.0%  actual  66.7%
ramp-down core 26  target  20.0%  actual  36.4%
ramp-down core 26  target   0.0%  actual  20.0%
ramp-down core 26  target   0.0%  actual   0.0%
ramp-down core 27  target  80.0%  actual 100.0%
ramp-down core 27  target  60.0%  actual  81.8%
ramp-down core 27  target  40.0%  actual  60.0%
ramp-down core 27  target  20.0%  actual  40.0%
ramp-down core 27  target   0.0%  actual  18.2%
ramp-down core 27  target   0.0%  actual   0.0%
ramp-down core 28  target  80.0%  actual 100.0%
ramp-down core 28  target  60.0%  actual  80.0%
ramp-down core 28  target  40.0%  actual  60.0%
ramp-down core 28  target  20.0%  actual  45.5%
ramp-down core 28  target   0.0%  actual  22.2%
ramp-down core 28  target   0.0%  actual   0.0%
ramp-down core 29  target  80.0%  actual 100.0%
ramp-down core 29  target  60.0%  actual  81.8%
ramp-down core 29  target  40.0%  actual  60.0%
ramp-down core 29  target  20.0%  actual  44.4%
ramp-down core 29  target   0.0%  actual  20.0%
ramp-down core 29  target   0.0%  actual   0.0%
ramp-down core 30  target  80.0%  actual 100.0%
ramp-down core 30  target  60.0%  actual  80.0%
ramp-down core 30  target  40.0%  actual  60.0%
ramp-down core 30  target  20.0%  actual  40.0%
ramp-down core 30  target   0.0%  actual  20.0%
ramp-down core 30  target   0.0%  actual   0.0%
ramp-down core 31  target  80.0%  actual 100.0%
ramp-down core 31  target  60.0%  actual  80.0%
ramp-down core 31  target  40.0%  actual  60.0%
ramp-down core 31  target  20.0%  actual  40.0%
ramp-down core 31  target   0.0%  actual  20.0%
ramp-down core 31  target   0.0%  actual   0.0%
ramp-down core 32  target  80.0%  actual 100.0%
ramp-down core 32  target  60.0%  actual  80.0%
ramp-down core 32  target  40.0%  actual  60.0%
ramp-down core 32  target  20.0%  actual  40.0%
ramp-down core 32  target   0.0%  actual  20.0%
ramp-down core 32  target   0.0%  actual   0.0%
ramp-down core 33  target  80.0%  actual 100.0%
ramp-down core 33  target  60.0%  actual  80.0%
ramp-down core 33  target  40.0%  actual  70.0%
ramp-down core 33  target  20.0%  actual  40.0%
ramp-down core 33  target   0.0%  actual  20.0%
ramp-down core 33  target   0.0%  actual   0.0%
ramp-down core 34  target  80.0%  actual 100.0%
ramp-down core 34  target  60.0%  actual  80.0%
ramp-down core 34  target  40.0%  actual  60.0%
ramp-down core 34  target  20.0%  actual  50.0%
ramp-down core 34  target   0.0%  actual  18.2%
ramp-down core 34  target   0.0%  actual   0.0%
ramp-down core 35  target  80.0%  actual 100.0%
ramp-down core 35  target  60.0%  actual  80.0%
ramp-down core 35  target  40.0%  actual  63.6%
ramp-down core 35  target  20.0%  actual  40.0%
ramp-down core 35  target   0.0%  actual  20.0%
ramp-down core 35  target   0.0%  actual   0.0%
ramp-down core 36  target  80.0%  actual  90.9%
ramp-down core 36  target  60.0%  actual  90.0%
ramp-down core 36  target  40.0%  actual  55.6%
ramp-down core 36  target  20.0%  actual  36.4%
ramp-down core 36  target   0.0%  actual  20.0%
ramp-down core 36  target   0.0%  actual   0.0%
ramp-down core 37  target  80.0%  actual 100.0%
ramp-down core 37  target  60.0%  actual  80.0%
ramp-down core 37  target  40.0%  actual  63.6%
ramp-down core 37  target  20.0%  actual  44.4%
ramp-down core 37  target   0.0%  actual  20.0%
ramp-down core 37  target   0.0%  actual   0.0%
ramp-down core 38  target  80.0%  actual 100.0%
ramp-down core 38  target  60.0%  actual  80.0%
ramp-down core 38  target  40.0%  actual  60.0%
ramp-down core 38  target  20.0%  actual  40.0%
ramp-down core 38  target   0.0%  actual  20.0%
ramp-down core 38  target   0.0%  actual   0.0%
ramp-down core 39  target  80.0%  actual 100.0%
ramp-down core 39  target  60.0%  actual  80.0%
ramp-down core 39  target  40.0%  actual  63.6%
ramp-down core 39  target  20.0%  actual  40.0%
ramp-down core 39  target   0.0%  actual  20.0%
ramp-down core 39  target   0.0%  actual   0.0%
ramp-down core 40  target  80.0%  actual 100.0%
ramp-down core 40  target  60.0%  actual  80.0%
ramp-down core 40  target  40.0%  actual  63.6%
ramp-down core 40  target  20.0%  actual  40.0%
ramp-down core 40  target   0.0%  actual  20.0%
ramp-down core 40  target   0.0%  actual   0.0%
ramp-down core 41  target  80.0%  actual 100.0%
ramp-down core 41  target  60.0%  actual  80.0%
ramp-down core 41  target  40.0%  actual  60.0%
ramp-down core 41  target  20.0%  actual  40.0%
ramp-down core 41  target   0.0%  actual  20.0%
ramp-down core 41  target   0.0%  actual   0.0%
ramp-down core 42  target  80.0%  actual 100.0%
ramp-down core 42  target  60.0%  actual  80.0%
ramp-down core 42  target  40.0%  actual  60.0%
ramp-down core 42  target  20.0%  actual  40.0%
ramp-down core 42  target   0.0%  actual  20.0%
ramp-down core 42  target   0.0%  actual   0.0%
ramp-down core 43  target  80.0%  actual 100.0%
ramp-down core 43  target  60.0%  actual  88.9%
ramp-down core 43  target  40.0%  actual  60.0%
ramp-down core 43  target  20.0%  actual  40.0%
ramp-down core 43  target   0.0%  actual  20.0%
ramp-down core 43  target   0.0%  actual   0.0%
ramp-down core 44  target  80.0%  actual 100.0%
ramp-down core 44  target  60.0%  actual  88.9%
ramp-down core 44  target  40.0%  actual  60.0%
ramp-down core 44  target  20.0%  actual  40.0%
ramp-down core 44  target   0.0%  actual  20.0%
ramp-down core 44  target   0.0%  actual   0.0%
ramp-down core 45  target  80.0%  actual 100.0%
ramp-down core 45  target  60.0%  actual  80.0%
ramp-down core 45  target  40.0%  actual  60.0%
ramp-down core 45  target  20.0%  actual  40.0%
ramp-down core 45  target   0.0%  actual  20.0%
ramp-down core 45  target   0.0%  actual   0.0%
ramp-down core 46  target  80.0%  actual 100.0%
ramp-down core 46  target  60.0%  actual  80.0%
ramp-down core 46  target  40.0%  actual  60.0%
ramp-down core 46  target  20.0%  actual  40.0%
ramp-down core 46  target   0.0%  actual  22.2%
ramp-down core 46  target   0.0%  actual   0.0%
ramp-down core 47  target  80.0%  actual 100.0%
ramp-down core 47  target  60.0%  actual  80.0%
ramp-down core 47  target  40.0%  actual  60.0%
ramp-down core 47  target  20.0%  actual  44.4%
ramp-down core 47  target   0.0%  actual  27.3%
ramp-down core 47  target   0.0%  actual   0.0%
ramp-down core 48  target  80.0%  actual 100.0%
ramp-down core 48  target  60.0%  actual  80.0%
ramp-down core 48  target  40.0%  actual  60.0%
ramp-down core 48  target  20.0%  actual  40.0%
ramp-down core 48  target   0.0%  actual  20.0%
ramp-down core 48  target   0.0%  actual   0.0%
ramp-down core 49  target  80.0%  actual 100.0%
ramp-down core 49  target  60.0%  actual  81.8%
ramp-down core 49  target  40.0%  actual  60.0%
ramp-down core 49  target  20.0%  actual  40.0%
ramp-down core 49  target   0.0%  actual  20.0%
ramp-down core 49  target   0.0%  actual   0.0%
ramp-down core 50  target  80.0%  actual 100.0%
ramp-down core 50  target  60.0%  actual  80.0%
ramp-down core 50  target  40.0%  actual  60.0%
ramp-down core 50  target  20.0%  actual  36.4%
ramp-down core 50  target   0.0%  actual  20.0%
ramp-down core 50  target   0.0%  actual   0.0%
ramp-down core 51  target  80.0%  actual 100.0%
ramp-down core 51  target  60.0%  actual  80.0%
ramp-down core 51  target  40.0%  actual  63.6%
ramp-down core 51  target  20.0%  actual  40.0%
ramp-down core 51  target   0.0%  actual  22.2%
ramp-down core 51  target   0.0%  actual   0.0%
ramp-down core 52  target  80.0%  actual 100.0%
ramp-down core 52  target  60.0%  actual  80.0%
ramp-down core 52  target  40.0%  actual  60.0%
ramp-down core 52  target  20.0%  actual  45.5%
ramp-down core 52  target   0.0%  actual  20.0%
ramp-down core 52  target   0.0%  actual   0.0%
ramp-down core 53  target  80.0%  actual 100.0%
ramp-down core 53  target  60.0%  actual  80.0%
ramp-down core 53  target  40.0%  actual  60.0%
ramp-down core 53  target  20.0%  actual  40.0%
ramp-down core 53  target   0.0%  actual  20.0%
ramp-down core 53  target   0.0%  actual   0.0%
ramp-down core 54  target  80.0%  actual 100.0%
ramp-down core 54  target  60.0%  actual  80.0%
ramp-down core 54  target  40.0%  actual  60.0%
ramp-down core 54  target  20.0%  actual  40.0%
ramp-down core 54  target   0.0%  actual  20.0%
ramp-down core 54  target   0.0%  actual   0.0%
ramp-down core 55  target  80.0%  actual 100.0%
ramp-down core 55  target  60.0%  actual  80.0%
ramp-down core 55  target  40.0%  actual  60.0%
ramp-down core 55  target  20.0%  actual  40.0%
ramp-down core 55  target   0.0%  actual  20.0%
ramp-down core 55  target   0.0%  actual   0.0%
ramp-down core 56  target  80.0%  actual 100.0%
ramp-down core 56  target  60.0%  actual  77.8%
ramp-down core 56  target  40.0%  actual  55.6%
ramp-down core 56  target  20.0%  actual  37.5%
ramp-down core 56  target   0.0%  actual  20.0%
ramp-down core 56  target   0.0%  actual   0.0%
ramp-down core 57  target  80.0%  actual  90.0%
ramp-down core 57  target  60.0%  actual  88.9%
ramp-down core 57  target  40.0%  actual  55.6%
ramp-down core 57  target  20.0%  actual  33.3%
ramp-down core 57  target   0.0%  actual  11.1%
ramp-down core 57  target   0.0%  actual   0.0%
ramp-down core 58  target  80.0%  actual 100.0%
ramp-down core 58  target  60.0%  actual  80.0%
ramp-down core 58  target  40.0%  actual  60.0%
ramp-down core 58  target  20.0%  actual  40.0%
ramp-down core 58  target   0.0%  actual  20.0%
ramp-down core 58  target   0.0%  actual   0.0%
ramp-down core 59  target  80.0%  actual 100.0%
ramp-down core 59  target  60.0%  actual  77.8%
ramp-down core 59  target  40.0%  actual  55.6%
ramp-down core 59  target  20.0%  actual  33.3%
ramp-down core 59  target   0.0%  actual  11.1%
ramp-down core 59  target   0.0%  actual   0.0%
ramp-down core 60  target  80.0%  actual 100.0%
ramp-down core 60  target  60.0%  actual  80.0%
ramp-down core 60  target  40.0%  actual  60.0%
ramp-down core 60  target  20.0%  actual  40.0%
ramp-down core 60  target   0.0%  actual  27.3%
ramp-down core 60  target   0.0%  actual   0.0%
ramp-down core 61  target  80.0%  actual 100.0%
ramp-down core 61  target  60.0%  actual  80.0%
ramp-down core 61  target  40.0%  actual  70.0%
ramp-down core 61  target  20.0%  actual  40.0%
ramp-down core 61  target   0.0%  actual  20.0%
ramp-down core 61  target   0.0%  actual   0.0%
ramp-down core 62  target  80.0%  actual 100.0%
ramp-down core 62  target  60.0%  actual  80.0%
ramp-down core 62  target  40.0%  actual  60.0%
ramp-down core 62  target  20.0%  actual  40.0%
ramp-down core 62  target   0.0%  actual  20.0%
ramp-down core 62  target   0.0%  actual   0.0%
ramp-down core 63  target  80.0%  actual 100.0%
ramp-down core 63  target  60.0%  actual  80.0%
ramp-down core 63  target  40.0%  actual  60.0%
ramp-down core 63  target  20.0%  actual  40.0%
ramp-down core 63  target   0.0%  actual  20.0%
ramp-down core 63  target   0.0%  actual   0.0%
ramp-down core 64  target  80.0%  actual 100.0%
ramp-down core 64  target  60.0%  actual  80.0%
ramp-down core 64  target  40.0%  actual  60.0%
ramp-down core 64  target  20.0%  actual  40.0%
ramp-down core 64  target   0.0%  actual  20.0%
ramp-down core 64  target   0.0%  actual   0.0%
ramp-down core 65  target  80.0%  actual 100.0%
ramp-down core 65  target  60.0%  actual  80.0%
ramp-down core 65  target  40.0%  actual  60.0%
ramp-down core 65  target  20.0%  actual  45.5%
ramp-down core 65  target   0.0%  actual  22.2%
ramp-down core 65  target   0.0%  actual   0.0%
ramp-down core 66  target  80.0%  actual 100.0%
ramp-down core 66  target  60.0%  actual  80.0%
ramp-down core 66  target  40.0%  actual  60.0%
ramp-down core 66  target  20.0%  actual  40.0%
ramp-down core 66  target   0.0%  actual  20.0%
ramp-down core 66  target   0.0%  actual   0.0%
ramp-down core 67  target  80.0%  actual 100.0%
ramp-down core 67  target  60.0%  actual  88.9%
ramp-down core 67  target  40.0%  actual  60.0%
ramp-down core 67  target  20.0%  actual  40.0%
ramp-down core 67  target   0.0%  actual  20.0%
ramp-down core 67  target   0.0%  actual   0.0%
ramp-down core 68  target  80.0%  actual 100.0%
ramp-down core 68  target  60.0%  actual  80.0%
ramp-down core 68  target  40.0%  actual  63.6%
ramp-down core 68  target  20.0%  actual  40.0%
ramp-down core 68  target   0.0%  actual  20.0%
ramp-down core 68  target   0.0%  actual   0.0%
ramp-down core 69  target  80.0%  actual 100.0%
ramp-down core 69  target  60.0%  actual  80.0%
ramp-down core 69  target  40.0%  actual  63.6%
ramp-down core 69  target  20.0%  actual  40.0%
ramp-down core 69  target   0.0%  actual  20.0%
ramp-down core 69  target   0.0%  actual   0.0%
ramp-down core 70  target  80.0%  actual 100.0%
ramp-down core 70  target  60.0%  actual  81.8%
ramp-down core 70  target  40.0%  actual  60.0%
ramp-down core 70  target  20.0%  actual  45.5%
ramp-down core 70  target   0.0%  actual  20.0%
ramp-down core 70  target   0.0%  actual   0.0%
ramp-down core 71  target  80.0%  actual 100.0%
ramp-down core 71  target  60.0%  actual  80.0%
ramp-down core 71  target  40.0%  actual  63.6%
ramp-down core 71  target  20.0%  actual  40.0%
ramp-down core 71  target   0.0%  actual  20.0%
ramp-down core 71  target   0.0%  actual   0.0%
ramp-down core 72  target  80.0%  actual 100.0%
ramp-down core 72  target  60.0%  actual  81.8%
ramp-down core 72  target  40.0%  actual  60.0%
ramp-down core 72  target  20.0%  actual  44.4%
ramp-down core 72  target   0.0%  actual  20.0%
ramp-down core 72  target   0.0%  actual   0.0%
ramp-down core 73  target  80.0%  actual 100.0%
ramp-down core 73  target  60.0%  actual  80.0%
ramp-down core 73  target  40.0%  actual  70.0%
ramp-down core 73  target  20.0%  actual  40.0%
ramp-down core 73  target   0.0%  actual  20.0%
ramp-down core 73  target   0.0%  actual   0.0%
ramp-down core 74  target  80.0%  actual 100.0%
ramp-down core 74  target  60.0%  actual  80.0%
ramp-down core 74  target  40.0%  actual  60.0%
ramp-down core 74  target  20.0%  actual  45.5%
ramp-down core 74  target   0.0%  actual  20.0%
ramp-down core 74  target   0.0%  actual   0.0%
ramp-down core 75  target  80.0%  actual 100.0%
ramp-down core 75  target  60.0%  actual  80.0%
ramp-down core 75  target  40.0%  actual  60.0%
ramp-down core 75  target  20.0%  actual  40.0%
ramp-down core 75  target   0.0%  actual  20.0%
ramp-down core 75  target   0.0%  actual   0.0%
ramp-down core 76  target  80.0%  actual 100.0%
ramp-down core 76  target  60.0%  actual  80.0%
ramp-down core 76  target  40.0%  actual  60.0%
ramp-down core 76  target  20.0%  actual  40.0%
ramp-down core 76  target   0.0%  actual  20.0%
ramp-down core 76  target   0.0%  actual   0.0%
ramp-down core 77  target  80.0%  actual 100.0%
ramp-down core 77  target  60.0%  actual  80.0%
ramp-down core 77  target  40.0%  actual  60.0%
ramp-down core 77  target  20.0%  actual  40.0%
ramp-down core 77  target   0.0%  actual  27.3%
ramp-down core 77  target   0.0%  actual   0.0%
ramp-down core 78  target  80.0%  actual 100.0%
ramp-down core 78  target  60.0%  actual  80.0%
ramp-down core 78  target  40.0%  actual  63.6%
ramp-down core 78  target  20.0%  actual  40.0%
ramp-down core 78  target   0.0%  actual  20.0%
ramp-down core 78  target   0.0%  actual   0.0%
ramp-down core 79  target  80.0%  actual 100.0%
ramp-down core 79  target  60.0%  actual  80.0%
ramp-down core 79  target  40.0%  actual  60.0%
ramp-down core 79  target  20.0%  actual  45.5%
ramp-down core 79  target   0.0%  actual  20.0%
ramp-down core 79  target   0.0%  actual   0.0%
ramp-down core 80  target  80.0%  actual 100.0%
ramp-down core 80  target  60.0%  actual  80.0%
ramp-down core 80  target  40.0%  actual  60.0%
ramp-down core 80  target  20.0%  actual  40.0%
ramp-down core 80  target   0.0%  actual  20.0%
ramp-down core 80  target   0.0%  actual   0.0%
ramp-down core 81  target  80.0%  actual 100.0%
ramp-down core 81  target  60.0%  actual  80.0%
ramp-down core 81  target  40.0%  actual  60.0%
ramp-down core 81  target  20.0%  actual  40.0%
ramp-down core 81  target   0.0%  actual  20.0%
ramp-down core 81  target   0.0%  actual   0.0%
ramp-down core 82  target  80.0%  actual 100.0%
ramp-down core 82  target  60.0%  actual  81.8%
ramp-down core 82  target  40.0%  actual  60.0%
ramp-down core 82  target  20.0%  actual  40.0%
ramp-down core 82  target   0.0%  actual  20.0%
ramp-down core 82  target   0.0%  actual   0.0%
ramp-down core 83  target  80.0%  actual 100.0%
ramp-down core 83  target  60.0%  actual  80.0%
ramp-down core 83  target  40.0%  actual  60.0%
ramp-down core 83  target  20.0%  actual  40.0%
ramp-down core 83  target   0.0%  actual  20.0%
ramp-down core 83  target   0.0%  actual   0.0%
ramp-down core 84  target  80.0%  actual 100.0%
ramp-down core 84  target  60.0%  actual  80.0%
ramp-down core 84  target  40.0%  actual  60.0%
ramp-down core 84  target  20.0%  actual  40.0%
ramp-down core 84  target   0.0%  actual  20.0%
ramp-down core 84  target   0.0%  actual   9.1%
ramp-down core 84  target   0.0%  actual   0.0%
ramp-down core 85  target  80.0%  actual 100.0%
ramp-down core 85  target  60.0%  actual  81.8%
ramp-down core 85  target  40.0%  actual  66.7%
ramp-down core 85  target  20.0%  actual  40.0%
ramp-down core 85  target   0.0%  actual  20.0%
ramp-down core 85  target   0.0%  actual   0.0%
ramp-down core 86  target  80.0%  actual 100.0%
ramp-down core 86  target  60.0%  actual  81.8%
ramp-down core 86  target  40.0%  actual  60.0%
ramp-down core 86  target  20.0%  actual  40.0%
ramp-down core 86  target   0.0%  actual  20.0%
ramp-down core 86  target   0.0%  actual   0.0%
ramp-down core 87  target  80.0%  actual 100.0%
ramp-down core 87  target  60.0%  actual  81.8%
ramp-down core 87  target  40.0%  actual  60.0%
ramp-down core 87  target  20.0%  actual  40.0%
ramp-down core 87  target   0.0%  actual  20.0%
ramp-down core 87  target   0.0%  actual   0.0%
ramp-down core 88  target  80.0%  actual 100.0%
ramp-down core 88  target  60.0%  actual  80.0%
ramp-down core 88  target  40.0%  actual  60.0%
ramp-down core 88  target  20.0%  actual  40.0%
ramp-down core 88  target   0.0%  actual  20.0%
ramp-down core 88  target   0.0%  actual   0.0%
ramp-down core 89  target  80.0%  actual 100.0%
ramp-down core 89  target  60.0%  actual  80.0%
ramp-down core 89  target  40.0%  actual  60.0%
ramp-down core 89  target  20.0%  actual  40.0%
ramp-down core 89  target   0.0%  actual  20.0%
ramp-down core 89  target   0.0%  actual   0.0%
ramp-down core 90  target  80.0%  actual 100.0%
ramp-down core 90  target  60.0%  actual  80.0%
ramp-down core 90  target  40.0%  actual  60.0%
ramp-down core 90  target  20.0%  actual  36.4%
ramp-down core 90  target   0.0%  actual  20.0%
ramp-down core 90  target   0.0%  actual   0.0%
ramp-down core 91  target  80.0%  actual 100.0%
ramp-down core 91  target  60.0%  actual  80.0%
ramp-down core 91  target  40.0%  actual  60.0%
ramp-down core 91  target  20.0%  actual  40.0%
ramp-down core 91  target   0.0%  actual  27.3%
ramp-down core 91  target   0.0%  actual   0.0%
ramp-down core 92  target  80.0%  actual 100.0%
ramp-down core 92  target  60.0%  actual  81.8%
ramp-down core 92  target  40.0%  actual  66.7%
ramp-down core 92  target  20.0%  actual  40.0%
ramp-down core 92  target   0.0%  actual  20.0%
ramp-down core 92  target   0.0%  actual   0.0%
ramp-down core 93  target  80.0%  actual 100.0%
ramp-down core 93  target  60.0%  actual  88.9%
ramp-down core 93  target  40.0%  actual  60.0%
ramp-down core 93  target  20.0%  actual  45.5%
ramp-down core 93  target   0.0%  actual  20.0%
ramp-down core 93  target   0.0%  actual   0.0%
ramp-down core 94  target  80.0%  actual 100.0%
ramp-down core 94  target  60.0%  actual  81.8%
ramp-down core 94  target  40.0%  actual  60.0%
ramp-down core 94  target  20.0%  actual  40.0%
ramp-down core 94  target   0.0%  actual  20.0%
ramp-down core 94  target   0.0%  actual   0.0%
ramp-down core 95  target  80.0%  actual 100.0%
ramp-down core 95  target  60.0%  actual  80.0%
ramp-down core 95  target  40.0%  actual  60.0%
ramp-down core 95  target  20.0%  actual  40.0%
ramp-down core 95  target   0.0%  actual  20.0%
ramp-down core 95  target   0.0%  actual   0.0%
ramp-down core 96  target  80.0%  actual 100.0%
ramp-down core 96  target  60.0%  actual  80.0%
ramp-down core 96  target  40.0%  actual  60.0%
ramp-down core 96  target  20.0%  actual  40.0%
ramp-down core 96  target   0.0%  actual  20.0%
ramp-down core 96  target   0.0%  actual   0.0%
ramp-down core 97  target  80.0%  actual 100.0%
ramp-down core 97  target  60.0%  actual  80.0%
ramp-down core 97  target  40.0%  actual  60.0%
ramp-down core 97  target  20.0%  actual  45.5%
ramp-down core 97  target   0.0%  actual  22.2%
ramp-down core 97  target   0.0%  actual   0.0%
ramp-down core 98  target  80.0%  actual 100.0%
ramp-down core 98  target  60.0%  actual  81.8%
ramp-down core 98  target  40.0%  actual  60.0%
ramp-down core 98  target  20.0%  actual  40.0%
ramp-down core 98  target   0.0%  actual  20.0%
ramp-down core 98  target   0.0%  actual   0.0%
ramp-down core 99  target  80.0%  actual 100.0%
ramp-down core 99  target  60.0%  actual  80.0%
ramp-down core 99  target  40.0%  actual  60.0%
ramp-down core 99  target  20.0%  actual  40.0%
ramp-down core 99  target   0.0%  actual  20.0%
ramp-down core 99  target   0.0%  actual   0.0%
ramp-down core 100  target  80.0%  actual 100.0%
ramp-down core 100  target  60.0%  actual  81.8%
ramp-down core 100  target  40.0%  actual  60.0%
ramp-down core 100  target  20.0%  actual  40.0%
ramp-down core 100  target   0.0%  actual  20.0%
ramp-down core 100  target   0.0%  actual   0.0%
ramp-down core 101  target  80.0%  actual 100.0%
ramp-down core 101  target  60.0%  actual  80.0%
ramp-down core 101  target  40.0%  actual  63.6%
ramp-down core 101  target  20.0%  actual  40.0%
ramp-down core 101  target   0.0%  actual  20.0%
ramp-down core 101  target   0.0%  actual   0.0%
ramp-down core 102  target  80.0%  actual 100.0%
ramp-down core 102  target  60.0%  actual  77.8%
ramp-down core 102  target  40.0%  actual  55.6%
ramp-down core 102  target  20.0%  actual  33.3%
ramp-down core 102  target   0.0%  actual  11.1%
ramp-down core 102  target   0.0%  actual   0.0%
ramp-down core 103  target  80.0%  actual  91.7%
ramp-down core 103  target  60.0%  actual  88.9%
ramp-down core 103  target  40.0%  actual  60.0%
ramp-down core 103  target  20.0%  actual  40.0%
ramp-down core 103  target   0.0%  actual  20.0%
ramp-down core 103  target   0.0%  actual   0.0%
ramp-down core 104  target  80.0%  actual 100.0%
ramp-down core 104  target  60.0%  actual  80.0%
ramp-down core 104  target  40.0%  actual  60.0%
ramp-down core 104  target  20.0%  actual  40.0%
ramp-down core 104  target   0.0%  actual  20.0%
ramp-down core 104  target   0.0%  actual   0.0%
ramp-down core 105  target  80.0%  actual 100.0%
ramp-down core 105  target  60.0%  actual  80.0%
ramp-down core 105  target  40.0%  actual  60.0%
ramp-down core 105  target  20.0%  actual  40.0%
ramp-down core 105  target   0.0%  actual  27.3%
ramp-down core 105  target   0.0%  actual   0.0%
ramp-down core 106  target  80.0%  actual 100.0%
ramp-down core 106  target  60.0%  actual  80.0%
ramp-down core 106  target  40.0%  actual  60.0%
ramp-down core 106  target  20.0%  actual  40.0%
ramp-down core 106  target   0.0%  actual  20.0%
ramp-down core 106  target   0.0%  actual   0.0%
ramp-down core 107  target  80.0%  actual 100.0%
ramp-down core 107  target  60.0%  actual  81.8%
ramp-down core 107  target  40.0%  actual  60.0%
ramp-down core 107  target  20.0%  actual  40.0%
ramp-down core 107  target   0.0%  actual  20.0%
ramp-down core 107  target   0.0%  actual   0.0%
ramp-down core 108  target  80.0%  actual 100.0%
ramp-down core 108  target  60.0%  actual  81.8%
ramp-down core 108  target  40.0%  actual  66.7%
ramp-down core 108  target  20.0%  actual  40.0%
ramp-down core 108  target   0.0%  actual  20.0%
ramp-down core 108  target   0.0%  actual   0.0%
ramp-down core 109  target  80.0%  actual 100.0%
ramp-down core 109  target  60.0%  actual  80.0%
ramp-down core 109  target  40.0%  actual  63.6%
ramp-down core 109  target  20.0%  actual  40.0%
ramp-down core 109  target   0.0%  actual  20.0%
ramp-down core 109  target   0.0%  actual   0.0%
ramp-down core 110  target  80.0%  actual 100.0%
ramp-down core 110  target  60.0%  actual  80.0%
ramp-down core 110  target  40.0%  actual  60.0%
ramp-down core 110  target  20.0%  actual  40.0%
ramp-down core 110  target   0.0%  actual  20.0%
ramp-down core 110  target   0.0%  actual   0.0%
ramp-down core 111  target  80.0%  actual 100.0%
ramp-down core 111  target  60.0%  actual  80.0%
ramp-down core 111  target  40.0%  actual  63.6%
ramp-down core 111  target  20.0%  actual  40.0%
ramp-down core 111  target   0.0%  actual  20.0%
ramp-down core 111  target   0.0%  actual   0.0%
ramp-down core 112  target  80.0%  actual 100.0%
ramp-down core 112  target  60.0%  actual  80.0%
ramp-down core 112  target  40.0%  actual  60.0%
ramp-down core 112  target  20.0%  actual  40.0%
ramp-down core 112  target   0.0%  actual  20.0%
ramp-down core 112  target   0.0%  actual   0.0%
ramp-down core 113  target  80.0%  actual 100.0%
ramp-down core 113  target  60.0%  actual  80.0%
ramp-down core 113  target  40.0%  actual  60.0%
ramp-down core 113  target  20.0%  actual  40.0%
ramp-down core 113  target   0.0%  actual  20.0%
ramp-down core 113  target   0.0%  actual   0.0%
ramp-down core 114  target  80.0%  actual 100.0%
ramp-down core 114  target  60.0%  actual  80.0%
ramp-down core 114  target  40.0%  actual  66.7%
ramp-down core 114  target  20.0%  actual  45.5%
ramp-down core 114  target   0.0%  actual  20.0%
ramp-down core 114  target   0.0%  actual   0.0%
ramp-down core 115  target  80.0%  actual 100.0%
ramp-down core 115  target  60.0%  actual  80.0%
ramp-down core 115  target  40.0%  actual  60.0%
ramp-down core 115  target  20.0%  actual  40.0%
ramp-down core 115  target   0.0%  actual  20.0%
ramp-down core 115  target   0.0%  actual   0.0%
ramp-down core 116  target  80.0%  actual 100.0%
ramp-down core 116  target  60.0%  actual  80.0%
ramp-down core 116  target  40.0%  actual  60.0%
ramp-down core 116  target  20.0%  actual  40.0%
ramp-down core 116  target   0.0%  actual  20.0%
ramp-down core 116  target   0.0%  actual   0.0%
ramp-down core 117  target  80.0%  actual 100.0%
ramp-down core 117  target  60.0%  actual  80.0%
ramp-down core 117  target  40.0%  actual  63.6%
ramp-down core 117  target  20.0%  actual  40.0%
ramp-down core 117  target   0.0%  actual  20.0%
ramp-down core 117  target   0.0%  actual   0.0%
ramp-down core 118  target  80.0%  actual 100.0%
ramp-down core 118  target  60.0%  actual  80.0%
ramp-down core 118  target  40.0%  actual  60.0%
ramp-down core 118  target  20.0%  actual  40.0%
ramp-down core 118  target   0.0%  actual  27.3%
ramp-down core 118  target   0.0%  actual   0.0%
ramp-down core 119  target  80.0%  actual 100.0%
ramp-down core 119  target  60.0%  actual  80.0%
ramp-down core 119  target  40.0%  actual  60.0%
ramp-down core 119  target  20.0%  actual  40.0%
ramp-down core 119  target   0.0%  actual  20.0%
ramp-down core 119  target   0.0%  actual   0.0%
ramp-down core 120  target  80.0%  actual 100.0%
ramp-down core 120  target  60.0%  actual  80.0%
ramp-down core 120  target  40.0%  actual  60.0%
ramp-down core 120  target  20.0%  actual  40.0%
ramp-down core 120  target   0.0%  actual  20.0%
ramp-down core 120  target   0.0%  actual   0.0%
ramp-down core 121  target  80.0%  actual 100.0%
ramp-down core 121  target  60.0%  actual  80.0%
ramp-down core 121  target  40.0%  actual  66.7%
ramp-down core 121  target  20.0%  actual  40.0%
ramp-down core 121  target   0.0%  actual  27.3%
ramp-down core 121  target   0.0%  actual   0.0%
ramp-down core 122  target  80.0%  actual 100.0%
ramp-down core 122  target  60.0%  actual  80.0%
ramp-down core 122  target  40.0%  actual  60.0%
ramp-down core 122  target  20.0%  actual  40.0%
ramp-down core 122  target   0.0%  actual  20.0%
ramp-down core 122  target   0.0%  actual   0.0%
ramp-down core 123  target  80.0%  actual 100.0%
ramp-down core 123  target  60.0%  actual  80.0%
ramp-down core 123  target  40.0%  actual  60.0%
ramp-down core 123  target  20.0%  actual  40.0%
ramp-down core 123  target   0.0%  actual  20.0%
ramp-down core 123  target   0.0%  actual   0.0%
